// Jest Snapshot v1, https://goo.gl/fbAQLP

exports[`normalizeServiceName all service names 1`] = `
Array [
  "AWS Data Exchange",
  "Amazon Elastic Block Store",
  "Amazon Elastic MapReduce",
  "Amazon CloudSearch",
  "AWS Data Pipeline",
  "Amazon Kinesis",
  "Amazon Elasticsearch Service",
  "Amazon QuickSight",
  "Amazon Athena",
  "AWS Glue",
  "AWS Lake Formation",
  "Amazon Managed Streaming for Kafka",
  "Amazon Simple Queue Service",
  "Amazon Simple Notification Service",
  "AWS Step Functions",
  "Amazon MQ",
  "Amazon Sumerian",
  "AWS Cost Explorer",
  "AWS Budgets",
  "Amazon Managed Blockchain",
  "Amazon WorkMail",
  "Amazon Chime",
  "Alexa for Business",
  "Amazon EC2",
  "Amazon Braket",
  "Amazon Wavelength",
  "AWS Elastic Beanstalk",
  "Amazon Elastic Container Service",
  "AWS Lambda",
  "Amazon Elastic Container Registry",
  "Amazon Lightsail",
  "AWS Batch",
  "AWS Serverless Application Repository",
  "Amazon Elastic Container Service for Kubernetes",
  "AWS Outposts",
  "Amazon Simple Email Service",
  "Amazon Mobile Analytics",
  "Amazon Connect",
  "Amazon SimpleDB",
  "Amazon ElastiCache",
  "Amazon DynamoDB",
  "Amazon Redshift",
  "Amazon RDS",
  "Amazon Neptune",
  "Amazon Quantum Ledger Database",
  "Amazon Managed Apache Cassandra Service",
  "Amazon Timestream",
  "Amazon DocumentDB",
  "AWS CodeDeploy",
  "AWS CodePipeline",
  "AWS CodeCommit",
  "AWS CodeBuild",
  "AWS CodeStar",
  "AWS X-Ray",
  "AWS Cloud9",
  "Amazon Appstream",
  "Amazon WorkSpaces",
  "Amazon WorkDocs",
  "Amazon AppStream 2.0",
  "Amazon WorkLink",
  "Amazon GameLift",
  "AWS IoT Core",
  "AWS Greengrass",
  "AWS IoT Device Management",
  "Amazon FreeRTOS",
  "AWS IoT Analytics",
  "AWS IoT 1-Click",
  "AWS IoT Device Defender",
  "AWS IoT SiteWise",
  "AWS IoT Events",
  "AWS IoT Things Graph",
  "Amazon Polly",
  "Amazon Rekognition",
  "Amazon Lex",
  "Amazon Comprehend",
  "Amazon SageMaker",
  "Amazon Fraud Detector",
  "Amazon Kendra",
  "Amazon Transcribe",
  "Amazon Translate",
  "AWS DeepLens",
  "AWS DeepComposer",
  "Amazon Elastic Inference",
  "Amazon Forecast",
  "Amazon Inferentia",
  "AWS DeepRacer",
  "Amazon Textract",
  "Amazon Personalize",
  "AWS CloudFormation",
  "AWS Trusted Advisor",
  "AWS OpsWorks",
  "AWS CloudTrail",
  "AWS Config",
  "AWS Service Catalog",
  "AWS Personal Health Dashboard",
  "AWS Systems Manager",
  "AWS Managed Services",
  "AWS Organizations",
  "AWS Auto Scaling",
  "AWS License Manager",
  "AWS Well-Architected Tool",
  "Amazon CloudWatch",
  "AWS Control Tower",
  "Amazon Elastic Transcoder",
  "AWS Elemental MediaConvert",
  "AWS Elemental MediaPackage",
  "AWS Elemental MediaLive",
  "AWS Elemental MediaStore",
  "AWS Elemental MediaTailor",
  "Amazon Kinesis Video Streams",
  "AWS Elemental MediaConnect",
  "AWS Snowball Family",
  "AWS Database Migration Service",
  "AWS Application Discovery Service",
  "AWS Server Migration Service",
  "AWS Migration Hub",
  "AWS DataSync",
  "AWS Transfer for SFTP",
  "AWS Device Farm",
  "Amazon Pinpoint",
  "AWS Amplify",
  "AWS AppSync",
  "Amazon CloudFront",
  "Elastic Load Balancing",
  "Amazon Route 53",
  "AWS Direct Connect",
  "Amazon VPC",
  "Amazon API Gateway",
  "AWS Global Accelerator",
  "AWS Cloud Map",
  "AWS App Mesh",
  "AWS RoboMaker",
  "AWS Ground Station",
  "Amazon Detective",
  "AWS Identity & Access Management",
  "AWS CloudHSM",
  "Amazon Cognito",
  "AWS Directory Service",
  "AWS Key Management Service",
  "AWS WAF",
  "AWS Certificate Manager",
  "Amazon Inspector",
  "AWS Shield",
  "AWS Artifact",
  "Amazon Macie",
  "Amazon GuardDuty",
  "AWS Single Sign-On",
  "AWS Secrets Manager",
  "AWS Security Hub",
  "Amazon Simple Storage Service",
  "Amazon S3 Glacier",
  "AWS Storage Gateway",
  "Amazon Elastic File System",
  "Amazon FSx for Lustre",
  "Amazon FSx for Windows File Server",
  "AWS Backup",
  "Amazon Event Bridge",
  "Service Quotas",
  "Amazon Lumberyard",
  "AWS Cloud Development Kit",
  "Application Load Balancer",
  "Classic Load Balancer",
]
`;
